Parsed ..\test\libic.sig successfully!
Parsed ..\test\IlegalPrograms\bad_type_9.ic successfully!

