Parsed ..\test\libic.sig successfully!
Parsed ..\test\IlegalPrograms\bad_virtual4.ic successfully!

