Parsed ..\test\libic.sig successfully!
Parsed ..\test\IlegalPrograms\bad_main3.ic successfully!

