Parsed ..\test\libic.sig successfully!
Parsed ..\test\IlegalPrograms\bad_main2.ic successfully!

