Parsed ..\test\libic.sig successfully!
Parsed ..\test\IlegalPrograms\bad_assign3.ic successfully!

