Parsed ..\test\libic.sig successfully!
Parsed ..\test\IlegalPrograms\bad_static2.ic successfully!

