Parsed ..\test\libic.sig successfully!
Parsed ..\test\IlegalPrograms\bad_type_6.ic successfully!

