Parsed ..\test\libic.sig successfully!
Parsed ..\test\IlegalPrograms\bad_break_cont1.ic successfully!

