Parsed ..\test\libic.sig successfully!
Parsed ..\test\IlegalPrograms\bad_virtual1.ic successfully!

