Parsed ..\test\libic.sig successfully!
Parsed ..\test\IlegalPrograms\bad_this_1.ic successfully!

