Parsed ..\test\libic.sig successfully!
Parsed ..\test\IlegalPrograms\bad_type_1.ic successfully!

