Parsed ..\test\libic.sig successfully!
Parsed ..\test\IlegalPrograms\bad_assign2.ic successfully!

