Parsed ..\test\libic.sig successfully!
Parsed ..\test\IlegalPrograms\bad_type_5.ic successfully!

