Parsed ..\test\libic.sig successfully!
Parsed ..\test\IlegalPrograms\bad_static1.ic successfully!

