Parsed ..\test\libic.sig successfully!
Parsed ..\test\IlegalPrograms\bad_virtual2.ic successfully!

