Parsed ..\test\libic.sig successfully!
Parsed ..\test\IlegalPrograms\bad_type_4.ic successfully!

