Parsed ..\test\libic.sig successfully!
Parsed ..\test\IlegalPrograms\bad_static3.ic successfully!

