Parsed ..\test\libic.sig successfully!
Parsed ..\test\IlegalPrograms\bad_type_8.ic successfully!

