Parsed ..\test\libic.sig successfully!
Parsed ..\test\IlegalPrograms\bad_virtual3.ic successfully!

