Parsed ..\test\libic.sig successfully!
Parsed ..\test\IlegalPrograms\bad_type_10.ic successfully!

