Parsed ..\test\libic.sig successfully!
Parsed ..\test\IlegalPrograms\bad_main1.ic successfully!

