Parsed ..\test\libic.sig successfully!
Parsed ..\test\IlegalPrograms\bad_type_2.ic successfully!

