Parsed ..\test\libic.sig successfully!
Parsed ..\test\IlegalPrograms\bad_type_3.ic successfully!

