Parsed ..\test\libic.sig successfully!
Parsed ..\test\IlegalPrograms\bad_type_7.ic successfully!

