Parsed ..\test\libic.sig successfully!
Parsed ..\test\IlegalPrograms\bad_assign1.ic successfully!

