Parsed ..\test\libic.sig successfully!
Parsed ..\test\IlegalPrograms\bad_scope_3.ic successfully!

