Parsed ..\test\libic.sig successfully!
Parsed ..\test\IlegalPrograms\bad_scope_2.ic successfully!

