Parsed ..\test\libic.sig successfully!
Parsed ..\test\IlegalPrograms\no_return_1.ic successfully!

Global Symbol Table: ..\test\IlegalPrograms\no_return_1.ic
	Class: A
Children tables: A, Library

Class Symbol Table: A
	Static method: main {string[] -> void}
	Virtual method: f { -> int}
Children tables: main, f

Class Symbol Table: Library
	Static method: println {string -> void}
	Static method: print {string -> void}
	Static method: printi {int -> void}
	Static method: printb {boolean -> void}
	Static method: readi { -> int}
	Static method: readln { -> string}
	Static method: eof { -> boolean}
	Static method: stoi {string, int -> int}
	Static method: itos {int -> string}
	Static method: stoa {string -> int[]}
	Static method: atos {int[] -> string}
	Static method: random {int -> int}
	Static method: time { -> int}
	Static method: exit {int -> int}

Method Symbol Table: main
	Parameter: string[] a

Method Symbol Table: f
Children tables: statement block in f

Statement Block Symbol Table ( located in f )

Type Table: ..\test\IlegalPrograms\no_return_1.ic
	1: Primitive type: int
	0: Primitive type: boolean
	4: Primitive type: null
	2: Primitive type: string
	3: Primitive type: void
	5: Class: A
	6: Array type: string[]
	18: Array type: int[]
	7: Method type: {string[] -> void}
	8: Method type: { -> int}
	9: Method type: {string -> void}
	11: Method type: {int -> void}
	12: Method type: {boolean -> void}
	14: Method type: { -> string}
	15: Method type: { -> boolean}
	16: Method type: {string, int -> int}
	17: Method type: {int -> string}
	19: Method type: {string -> int[]}
	21: Method type: {int[] -> string}
	22: Method type: {int -> int}

