Parsed ..\test\libic.sig successfully!
Parsed ..\test\LegalPrograms\scope_demonstration.ic successfully!

Global Symbol Table: ..\test\LegalPrograms\scope_demonstration.ic
	Class: A
	Class: B
	Class: C
Children tables: A, C, Library

Class Symbol Table: A
	Field: string v
	Static method: main {string[] -> void}
	Virtual method: aFunc { -> string}
	Virtual method: vfunc { -> void}
Children tables: B, main, aFunc, vfunc

Class Symbol Table: C
	Field: A[] arr
	Static method: sfunc {string -> int}
Children tables: sfunc

Class Symbol Table: Library
	Static method: println {string -> void}
	Static method: print {string -> void}
	Static method: printi {int -> void}
	Static method: printb {boolean -> void}
	Static method: readi { -> int}
	Static method: readln { -> string}
	Static method: eof { -> boolean}
	Static method: stoi {string, int -> int}
	Static method: itos {int -> string}
	Static method: stoa {string -> int[]}
	Static method: atos {int[] -> string}
	Static method: random {int -> int}
	Static method: time { -> int}
	Static method: exit {int -> int}

Class Symbol Table: B
	Field: C cField

Method Symbol Table: main
	Parameter: string[] args
	Local variable: int v
Children tables: statement block in main

Method Symbol Table: aFunc

Method Symbol Table: vfunc
	Local variable: int v
Children tables: statement block in vfunc

Statement Block Symbol Table ( located in main )
	Local variable: boolean v
Children tables: statement block in statement block in main

Statement Block Symbol Table ( located in statement block in main )
	Local variable: A v
	Local variable: B bObj
Children tables: statement block in statement block in statement block in main

Statement Block Symbol Table ( located in statement block in statement block in main )
	Local variable: B v

Statement Block Symbol Table ( located in vfunc )
	Local variable: boolean v
Children tables: statement block in statement block in vfunc

Statement Block Symbol Table ( located in statement block in vfunc )
	Local variable: A v
	Local variable: B bObj
Children tables: statement block in statement block in statement block in vfunc

Statement Block Symbol Table ( located in statement block in statement block in vfunc )
	Local variable: B v

Method Symbol Table: sfunc
	Parameter: string arg

Type Table: ..\test\LegalPrograms\scope_demonstration.ic
	1: Primitive type: int
	0: Primitive type: boolean
	4: Primitive type: null
	2: Primitive type: string
	3: Primitive type: void
	5: Class: A
	6: Class: B, Superclass ID: 5
	7: Class: C
	8: Array type: string[]
	12: Array type: A[]
	23: Array type: int[]
	9: Method type: {string[] -> void}
	10: Method type: { -> string}
	11: Method type: { -> void}
	13: Method type: {string -> int}
	14: Method type: {string -> void}
	16: Method type: {int -> void}
	17: Method type: {boolean -> void}
	18: Method type: { -> int}
	20: Method type: { -> boolean}
	21: Method type: {string, int -> int}
	22: Method type: {int -> string}
	24: Method type: {string -> int[]}
	26: Method type: {int[] -> string}
	27: Method type: {int -> int}

