Parsed ..\test\libic.sig successfully!
Parsed ..\test\LegalPrograms\type_methods.ic successfully!

Global Symbol Table: ..\test\LegalPrograms\type_methods.ic
	Class: A
	Class: B
Children tables: A, Library

Class Symbol Table: A
	Field: int intfield
	Field: string stringfield
	Field: boolean boolfield
	Field: A afield
	Field: B bfield
	Static method: main {string[] -> void}
	Static method: sfunc {int, boolean, A, B -> string}
	Virtual method: vfunc {int, boolean, A, B -> string}
	Virtual method: isint {int -> void}
	Virtual method: isstr {string -> void}
	Virtual method: isbool {boolean -> void}
	Virtual method: isA {A -> void}
	Virtual method: isB {B -> void}
	Virtual method: typechecker {A -> boolean}
Children tables: B, main, sfunc, vfunc, isint, isstr, isbool, isA, isB, typechecker

Class Symbol Table: Library
	Static method: println {string -> void}
	Static method: print {string -> void}
	Static method: printi {int -> void}
	Static method: printb {boolean -> void}
	Static method: readi { -> int}
	Static method: readln { -> string}
	Static method: eof { -> boolean}
	Static method: stoi {string, int -> int}
	Static method: itos {int -> string}
	Static method: stoa {string -> int[]}
	Static method: atos {int[] -> string}
	Static method: random {int -> int}
	Static method: time { -> int}
	Static method: exit {int -> int}

Class Symbol Table: B
	Static method: intfunc { -> int}
	Static method: boolFunc { -> boolean}
Children tables: intfunc, boolFunc

Method Symbol Table: main
	Parameter: string[] args
	Local variable: A a

Method Symbol Table: sfunc
	Parameter: int n
	Parameter: boolean bool
	Parameter: A a
	Parameter: B b
	Local variable: int x
	Local variable: A avar
	Local variable: boolean t
Children tables: statement block in sfunc

Method Symbol Table: vfunc
	Parameter: int n
	Parameter: boolean bool
	Parameter: A a
	Parameter: B b
	Local variable: int x
	Local variable: A avar
	Local variable: boolean t
Children tables: statement block in vfunc

Method Symbol Table: isint
	Parameter: int arg

Method Symbol Table: isstr
	Parameter: string arg

Method Symbol Table: isbool
	Parameter: boolean arg

Method Symbol Table: isA
	Parameter: A arg

Method Symbol Table: isB
	Parameter: B arg

Method Symbol Table: typechecker
	Parameter: A a

Method Symbol Table: intfunc

Method Symbol Table: boolFunc

Statement Block Symbol Table ( located in sfunc )
Children tables: statement block in statement block in sfunc

Statement Block Symbol Table ( located in statement block in sfunc )
Children tables: statement block in statement block in statement block in sfunc

Statement Block Symbol Table ( located in statement block in statement block in sfunc )

Statement Block Symbol Table ( located in vfunc )
Children tables: statement block in statement block in vfunc

Statement Block Symbol Table ( located in statement block in vfunc )
Children tables: statement block in statement block in statement block in vfunc

Statement Block Symbol Table ( located in statement block in statement block in vfunc )

Type Table: ..\test\LegalPrograms\type_methods.ic
	1: Primitive type: int
	0: Primitive type: boolean
	4: Primitive type: null
	2: Primitive type: string
	3: Primitive type: void
	5: Class: A
	6: Class: B, Superclass ID: 5
	7: Array type: string[]
	28: Array type: int[]
	8: Method type: {string[] -> void}
	9: Method type: {int, boolean, A, B -> string}
	11: Method type: {int -> void}
	12: Method type: {string -> void}
	13: Method type: {boolean -> void}
	14: Method type: {A -> void}
	15: Method type: {B -> void}
	16: Method type: {A -> boolean}
	17: Method type: { -> int}
	18: Method type: { -> boolean}
	24: Method type: { -> string}
	26: Method type: {string, int -> int}
	27: Method type: {int -> string}
	29: Method type: {string -> int[]}
	31: Method type: {int[] -> string}
	32: Method type: {int -> int}

